
Device 0: Tesla C2050

Device 0: Tesla C2050
Region.x 46.799999 
Region.y 46.799999 
Region.z 76.000000 
Ignoring unrecognized token, "outputname", start line with "#" to comment and supress this warning...
Ignoring unrecognized token, "restartfilename", start line with "#" to comment and supress this warning...
Loading CRD coordinates
Coordinates : dmpc_small.crd
14Structure : dmpc_small.psf
PRM : spcfw_lipid_forpme.prm
TOP : spcfw_lipid_forpme.rtf
Region.x = 46.799999, Region.y = 46.799999, Region.z = 76.000000
------------------------------------------------------------------------------
See logfile :'dmpc_small.log' for Molecular System Parameters
Writing to OutputFile: dmpc_small.out
17004 	 coordinates successfully read. Maximum allowed number of atoms = 300000
-32.974998 -31.625999 -37.542000
GPUgrid.x = 178, GPUgrid.y = 1, GPUblock.x = 96
FFT GridSize = 64 x 64 x 64
Allocated Host Memory
TYPE_PRESENT: 16
Num Bonds = 14096, Building Constraints... Num Angles = 19108, Num Diheds = 22536, Num Impropers = 144
NBFIX: 16
building 5284 H-bond constraint clusters
built 5376 H-bond constraint clusters
-----------------------
 Device Memory Usage
-----------------------
Positn :    0.26 MB
Positn :    0.26 MB
PrePos :    0.26 MB
NumNnB :    0.00 MB
CellNB :    0.10 MB
M4DSpl :    0.00 MB
dM4DSp :    0.00 MB
ScaleR :    0.26 MB
PrevSR :    0.26 MB
DispIn :    0.26 MB
enPMEd :    0.07 MB
enEwex :    0.13 MB
QdCFFT :    2.00 MB
LatNum :    1.00 MB
LatLst :   64.00 MB
Veloct :    0.26 MB
ForceD :    0.26 MB
ForceD :    0.52 MB
ForceD :    0.52 MB
MinPos :    0.26 MB
PrvFrc :    0.26 MB
HtdMin :    0.20 MB
Nupdat :    0.00 MB
enBond :    0.13 MB
enAngl :    0.13 MB
eUreyB :    0.13 MB
enDihe :    0.13 MB
enImpr :    0.13 MB
enVDWd :    0.13 MB
enElec :    0.13 MB
DihIdx :    4.24 MB
DiType :    0.00 MB
DihSet :    0.43 MB
DiPrmd :    0.00 MB
ImpIdx :    4.24 MB
Impset :    0.00 MB
ImpPrm :    0.00 MB
AngIdx :    4.24 MB
AngSet :    0.29 MB
AngPrm :    0.00 MB
UryIdx :    8.41 MB
UryPrm :    0.00 MB
BndIdx :    4.24 MB
BndPrm :    0.00 MB
NBList :   37.81 MB
ExlLst :    2.15 MB
Exlbit :    0.13 MB
ExlOfs :    0.02 MB
ExlLst :    2.15 MB
AtmPrm :    0.00 MB
NBFIXAtmPrm :    0.00 MB
AtmTyp :    0.07 MB
MolTyp :    1.14 MB
MolMass :    4.58 MB
minimz :    0.00 MB
minimz :    0.00 MB
Prm1_4 :    0.00 MB
Cnstra :    0.16 MB
ConsAtm :    0.06 MB
Consprm :    0.12 MB
AtinCl :    0.10 MB
-------------------------
TotalM :  146.65 MB
-------------------------
Constant		Actual	Curr	Perf
--------------------------------------------------
MAXTYP			16	64	64
MAX_BOND_TYPE		18	64	64
MAX_ANGLE_TYPE		35	64	64
MAX_DIHED_TYPE		59(*)	64	64
--------------------------------------------------
(*) - Includes Folds
--------------------------------------------------
Checking Static Parameters
Cell Info:	Max cell occupancy =	109(cell	3, 1, 2),	Max allowed = 128,	Recommended >= 136,	Stability = Low
===============
Nonbond Info:	Max nonbond neighbors =	435(atomid	8468),		Max allowed = 580,	Recommended >= 511,	Stability = High
===============
Lattice Info:	Max lattice neighbors =	13(lattice	18, 38, 12),	Max allowed = 64,	Recommended >= 17,	Stability = High
------------------------------------------------------------------------------
Trajectory prefix :dmpc_small

-------------------------
Continuing dynamics...
-------------------------
Printed time =           0.5, Avg time/step =          inf(ms), Ns per day =            0
