Step      Time (ps)  Temp (K)   bond        angle       urey-b      impr     dihed       VDW         elec          PME         Ewexcl        Ewself        sum PE        Kinetic       Potential    
0         0.0000     298.9971   858.6472    6135.8975   1489.8441   39.1773  2072.4778   1305.6914   -34208.1797   511.8459    201831.3598   -208134.1453  -28097.3828   11926.7021    -31816.2695  
1         0.0010     299.1553   860.1544    6111.1406   1490.2017   38.7523  2073.1165   1309.4561   -34199.6523   511.2764    201836.9511   -208134.1453  -28102.7500   11933.0146    -31826.8008  
TIME>  total time =          0.5; avg time/step =          inf(ms); ns/day =            0 
